Archive member included to satisfy reference by file (symbol)

C:/ST/STM32CubeIDE_1.19.0/STM32CubeIDE/plugins/com.st.stm32cube.ide.mcu.externaltools.gnu-tools-for-stm32.13.3.rel1.win32_1.0.0.202411081344/tools/bin/../lib/gcc/arm-none-eabi/13.3.1/../../../../arm-none-eabi/lib/thumb/v7-m/nofp\libc_nano.a(libc_a-exit.o)
                              C:/ST/STM32CubeIDE_1.19.0/STM32CubeIDE/plugins/com.st.stm32cube.ide.mcu.externaltools.gnu-tools-for-stm32.13.3.rel1.win32_1.0.0.202411081344/tools/bin/../lib/gcc/arm-none-eabi/13.3.1/../../../../arm-none-eabi/lib/thumb/v7-m/nofp/crt0.o (exit)
C:/ST/STM32CubeIDE_1.19.0/STM32CubeIDE/plugins/com.st.stm32cube.ide.mcu.externaltools.gnu-tools-for-stm32.13.3.rel1.win32_1.0.0.202411081344/tools/bin/../lib/gcc/arm-none-eabi/13.3.1/../../../../arm-none-eabi/lib/thumb/v7-m/nofp\libc_nano.a(libc_a-findfp.o)
                              C:/ST/STM32CubeIDE_1.19.0/STM32CubeIDE/plugins/com.st.stm32cube.ide.mcu.externaltools.gnu-tools-for-stm32.13.3.rel1.win32_1.0.0.202411081344/tools/bin/../lib/gcc/arm-none-eabi/13.3.1/../../../../arm-none-eabi/lib/thumb/v7-m/nofp\libc_nano.a(libc_a-exit.o) (__stdio_exit_handler)
C:/ST/STM32CubeIDE_1.19.0/STM32CubeIDE/plugins/com.st.stm32cube.ide.mcu.externaltools.gnu-tools-for-stm32.13.3.rel1.win32_1.0.0.202411081344/tools/bin/../lib/gcc/arm-none-eabi/13.3.1/../../../../arm-none-eabi/lib/thumb/v7-m/nofp\libc_nano.a(libc_a-fwalk.o)
                              C:/ST/STM32CubeIDE_1.19.0/STM32CubeIDE/plugins/com.st.stm32cube.ide.mcu.externaltools.gnu-tools-for-stm32.13.3.rel1.win32_1.0.0.202411081344/tools/bin/../lib/gcc/arm-none-eabi/13.3.1/../../../../arm-none-eabi/lib/thumb/v7-m/nofp\libc_nano.a(libc_a-findfp.o) (_fwalk_sglue)
C:/ST/STM32CubeIDE_1.19.0/STM32CubeIDE/plugins/com.st.stm32cube.ide.mcu.externaltools.gnu-tools-for-stm32.13.3.rel1.win32_1.0.0.202411081344/tools/bin/../lib/gcc/arm-none-eabi/13.3.1/../../../../arm-none-eabi/lib/thumb/v7-m/nofp\libc_nano.a(libc_a-snprintf.o)
                              ./Core/Src/ssd1306_tests.o (snprintf)
C:/ST/STM32CubeIDE_1.19.0/STM32CubeIDE/plugins/com.st.stm32cube.ide.mcu.externaltools.gnu-tools-for-stm32.13.3.rel1.win32_1.0.0.202411081344/tools/bin/../lib/gcc/arm-none-eabi/13.3.1/../../../../arm-none-eabi/lib/thumb/v7-m/nofp\libc_nano.a(libc_a-stdio.o)
                              C:/ST/STM32CubeIDE_1.19.0/STM32CubeIDE/plugins/com.st.stm32cube.ide.mcu.externaltools.gnu-tools-for-stm32.13.3.rel1.win32_1.0.0.202411081344/tools/bin/../lib/gcc/arm-none-eabi/13.3.1/../../../../arm-none-eabi/lib/thumb/v7-m/nofp\libc_nano.a(libc_a-findfp.o) (__sread)
C:/ST/STM32CubeIDE_1.19.0/STM32CubeIDE/plugins/com.st.stm32cube.ide.mcu.externaltools.gnu-tools-for-stm32.13.3.rel1.win32_1.0.0.202411081344/tools/bin/../lib/gcc/arm-none-eabi/13.3.1/../../../../arm-none-eabi/lib/thumb/v7-m/nofp\libc_nano.a(libc_a-memmove.o)
                              ./Core/Src/ssd1306_tests.o (memmove)
C:/ST/STM32CubeIDE_1.19.0/STM32CubeIDE/plugins/com.st.stm32cube.ide.mcu.externaltools.gnu-tools-for-stm32.13.3.rel1.win32_1.0.0.202411081344/tools/bin/../lib/gcc/arm-none-eabi/13.3.1/../../../../arm-none-eabi/lib/thumb/v7-m/nofp\libc_nano.a(libc_a-memset.o)
                              C:/ST/STM32CubeIDE_1.19.0/STM32CubeIDE/plugins/com.st.stm32cube.ide.mcu.externaltools.gnu-tools-for-stm32.13.3.rel1.win32_1.0.0.202411081344/tools/bin/../lib/gcc/arm-none-eabi/13.3.1/../../../../arm-none-eabi/lib/thumb/v7-m/nofp/crt0.o (memset)
C:/ST/STM32CubeIDE_1.19.0/STM32CubeIDE/plugins/com.st.stm32cube.ide.mcu.externaltools.gnu-tools-for-stm32.13.3.rel1.win32_1.0.0.202411081344/tools/bin/../lib/gcc/arm-none-eabi/13.3.1/../../../../arm-none-eabi/lib/thumb/v7-m/nofp\libc_nano.a(libc_a-closer.o)
                              C:/ST/STM32CubeIDE_1.19.0/STM32CubeIDE/plugins/com.st.stm32cube.ide.mcu.externaltools.gnu-tools-for-stm32.13.3.rel1.win32_1.0.0.202411081344/tools/bin/../lib/gcc/arm-none-eabi/13.3.1/../../../../arm-none-eabi/lib/thumb/v7-m/nofp\libc_nano.a(libc_a-stdio.o) (_close_r)
C:/ST/STM32CubeIDE_1.19.0/STM32CubeIDE/plugins/com.st.stm32cube.ide.mcu.externaltools.gnu-tools-for-stm32.13.3.rel1.win32_1.0.0.202411081344/tools/bin/../lib/gcc/arm-none-eabi/13.3.1/../../../../arm-none-eabi/lib/thumb/v7-m/nofp\libc_nano.a(libc_a-reent.o)
                              C:/ST/STM32CubeIDE_1.19.0/STM32CubeIDE/plugins/com.st.stm32cube.ide.mcu.externaltools.gnu-tools-for-stm32.13.3.rel1.win32_1.0.0.202411081344/tools/bin/../lib/gcc/arm-none-eabi/13.3.1/../../../../arm-none-eabi/lib/thumb/v7-m/nofp\libc_nano.a(libc_a-closer.o) (errno)
C:/ST/STM32CubeIDE_1.19.0/STM32CubeIDE/plugins/com.st.stm32cube.ide.mcu.externaltools.gnu-tools-for-stm32.13.3.rel1.win32_1.0.0.202411081344/tools/bin/../lib/gcc/arm-none-eabi/13.3.1/../../../../arm-none-eabi/lib/thumb/v7-m/nofp\libc_nano.a(libc_a-impure.o)
[...]
Memory Configuration

Name             Origin             Length             Attributes
RAM              0x20000000         0x00005000         xrw
FLASH            0x08000000         0x00010000         xr
*default*        0x00000000         0xffffffff

Linker script and memory map

LOAD C:/ST/STM32CubeIDE_1.19.0/STM32CubeIDE/plugins/com.st.stm32cube.ide.mcu.externaltools.gnu-tools-for-stm32.13.3.rel1.win32_1.0.0.202411081344/tools/bin/../lib/gcc/arm-none-eabi/13.3.1/thumb/v7-m/nofp/crti.o
LOAD C:/ST/STM32CubeIDE_1.19.0/STM32CubeIDE/plugins/com.st.stm32cube.ide.mcu.externaltools.gnu-tools-for-stm32.13.3.rel1.win32_1.0.0.202411081344/tools/bin/../lib/gcc/arm-none-eabi/13.3.1/thumb/v7-m/nofp/crtbegin.o
LOAD C:/ST/STM32CubeIDE_1.19.0/STM32CubeIDE/plugins/com.st.stm32cube.ide.mcu.externaltools.gnu-tools-for-stm32.13.3.rel1.win32_1.0.0.202411081344/tools/bin/../lib/gcc/arm-none-eabi/13.3.1/../../../../arm-none-eabi/lib/thumb/v7-m/nofp/crt0.o
LOAD ./Core/Src/main.o
LOAD ./Core/Src/oled_gifs.o
LOAD ./Core/Src/ssd1306.o
LOAD ./Core/Src/ssd1306_fonts.o
LOAD ./Core/Src/ssd1306_tests.o
LOAD ./Core/Src/stm32f1xx_hal_msp.o
LOAD ./Core/Src/stm32f1xx_it.o
LOAD ./Core/Src/syscalls.o
LOAD ./Core/Src/sysmem.o
LOAD ./Core/Src/system_stm32f1xx.o
LOAD ./Core/Startup/startup_stm32f103c8tx.o
LOAD ./Drivers/STM32F1xx_HAL_Driver/Src/stm32f1xx_hal.o
LOAD ./Drivers/STM32F1xx_HAL_Driver/Src/stm32f1xx_hal_cortex.o
LOAD ./Drivers/STM32F1xx_HAL_Driver/Src/stm32f1xx_hal_dma.o
LOAD ./Drivers/STM32F1xx_HAL_Driver/Src/stm32f1xx_hal_exti.o
LOAD ./Drivers/STM32F1xx_HAL_Driver/Src/stm32f1xx_hal_flash.o
LOAD ./Drivers/STM32F1xx_HAL_Driver/Src/stm32f1xx_hal_flash_ex.o
LOAD ./Drivers/STM32F1xx_HAL_Driver/Src/stm32f1xx_hal_gpio.o
LOAD ./Drivers/STM32F1xx_HAL_Driver/Src/stm32f1xx_hal_gpio_ex.o
LOAD ./Drivers/STM32F1xx_HAL_Driver/Src/stm32f1xx_hal_i2c.o
LOAD ./Drivers/STM32F1xx_HAL_Driver/Src/stm32f1xx_hal_pwr.o
LOAD ./Drivers/STM32F1xx_HAL_Driver/Src/stm32f1xx_hal_rcc.o
LOAD ./Drivers/STM32F1xx_HAL_Driver/Src/stm32f1xx_hal_rcc_ex.o
START GROUP
LOAD C:/ST/STM32CubeIDE_1.19.0/STM32CubeIDE/plugins/com.st.stm32cube.ide.mcu.externaltools.gnu-tools-for-stm32.13.3.rel1.win32_1.0.0.202411081344/tools/bin/../lib/gcc/arm-none-eabi/13.3.1/../../../../arm-none-eabi/lib/thumb/v7-m/nofp\libc_nano.a
LOAD C:/ST/STM32CubeIDE_1.19.0/STM32CubeIDE/plugins/com.st.stm32cube.ide.mcu.externaltools.gnu-tools-for-stm32.13.3.rel1.win32_1.0.0.202411081344/tools/bin/../lib/gcc/arm-none-eabi/13.3.1/../../../../arm-none-eabi/lib/thumb/v7-m/nofp\libm.a
END GROUP
START GROUP
LOAD C:/ST/STM32CubeIDE_1.19.0/STM32CubeIDE/plugins/com.st.stm32cube.ide.mcu.externaltools.gnu-tools-for-stm32.13.3.rel1.win32_1.0.0.202411081344/tools/bin/../lib/gcc/arm-none-eabi/13.3.1/thumb/v7-m/nofp\libgcc.a
LOAD C:/ST/STM32CubeIDE_1.19.0/STM32CubeIDE/plugins/com.st.stm32cube.ide.mcu.externaltools.gnu-tools-for-stm32.13.3.rel1.win32_1.0.0.202411081344/tools/bin/../lib/gcc/arm-none-eabi/13.3.1/../../../../arm-none-eabi/lib/thumb/v7-m/nofp\libc_nano.a
END GROUP
START GROUP
LOAD C:/ST/STM32CubeIDE_1.19.0/STM32CubeIDE/plugins/com.st.stm32cube.ide.mcu.externaltools.gnu-tools-for-stm32.13.3.rel1.win32_1.0.0.202411081344/tools/bin/../lib/gcc/arm-none-eabi/13.3.1/thumb/v7-m/nofp\libgcc.a
LOAD C:/ST/STM32CubeIDE_1.19.0/STM32CubeIDE/plugins/com.st.stm32cube.ide.mcu.externaltools.gnu-tools-for-stm32.13.3.rel1.win32_1.0.0.202411081344/tools/bin/../lib/gcc/arm-none-eabi/13.3.1/../../../../arm-none-eabi/lib/thumb/v7-m/nofp\libc_nano.a
LOAD C:/ST/STM32CubeIDE_1.19.0/STM32CubeIDE/plugins/com.st.stm32cube.ide.mcu.externaltools.gnu-tools-for-stm32.13.3.rel1.win32_1.0.0.202411081344/tools/bin/../lib/gcc/arm-none-eabi/13.3.1/../../../../arm-none-eabi/lib/thumb/v7-m/nofp\libnosys.a
END GROUP
START GROUP
LOAD C:/ST/STM32CubeIDE_1.19.0/STM32CubeIDE/plugins/com.st.stm32cube.ide.mcu.externaltools.gnu-tools-for-stm32.13.3.rel1.win32_1.0.0.202411081344/tools/bin/../lib/gcc/arm-none-eabi/13.3.1/thumb/v7-m/nofp\libgcc.a
LOAD C:/ST/STM32CubeIDE_1.19.0/STM32CubeIDE/plugins/com.st.stm32cube.ide.mcu.externaltools.gnu-tools-for-stm32.13.3.rel1.win32_1.0.0.202411081344/tools/bin/../lib/gcc/arm-none-eabi/13.3.1/../../../../arm-none-eabi/lib/thumb/v7-m/nofp\libc_nano.a
LOAD C:/ST/STM32CubeIDE_1.19.0/STM32CubeIDE/plugins/com.st.stm32cube.ide.mcu.externaltools.gnu-tools-for-stm32.13.3.rel1.win32_1.0.0.202411081344/tools/bin/../lib/gcc/arm-none-eabi/13.3.1/../../../../arm-none-eabi/lib/thumb/v7-m/nofp\libnosys.a
END GROUP
LOAD C:/ST/STM32CubeIDE_1.19.0/STM32CubeIDE/plugins/com.st.stm32cube.ide.mcu.externaltools.gnu-tools-for-stm32.13.3.rel1.win32_1.0.0.202411081344/tools/bin/../lib/gcc/arm-none-eabi/13.3.1/thumb/v7-m/nofp/crtend.o
LOAD C:/ST/STM32CubeIDE_1.19.0/STM32CubeIDE/plugins/com.st.stm32cube.ide.mcu.externaltools.gnu-tools-for-stm32.13.3.rel1.win32_1.0.0.202411081344/tools/bin/../lib/gcc/arm-none-eabi/13.3.1/thumb/v7-m/nofp/crtn.o
                0x20005000                        _estack = (ORIGIN (RAM) + LENGTH (RAM))
                0x00000200                        _Min_Heap_Size = 0x200
                0x00000400                        _Min_Stack_Size = 0x400

.isr_vector     0x08000000      0x10c
                0x08000000                        . = ALIGN (0x4)
 *(.isr_vector)
 .isr_vector    0x08000000      0x10c ./Core/Startup/startup_stm32f103c8tx.o
                0x08000000                g_pfnVectors
                0x0800010c                        . = ALIGN (0x4)

.text           0x0800010c     0x1fe8
                0x0800010c                        . = ALIGN (0x4)
 *(.text)
 .text          0x0800010c       0x40 C:/ST/STM32CubeIDE_1.19.0/STM32CubeIDE/plugins/com.st.stm32cube.ide.mcu.externaltools.gnu-tools-for-stm32.13.3.rel1.win32_1.0.0.202411081344/tools/bin/../lib/gcc/arm-none-eabi/13.3.1/thumb/v7-m/nofp/crtbegin.o
 *(.text*)
 .text.main     0x0800014c       0x30 ./Core/Src/main.o
                0x0800014c                main
 .text.SystemClock_Config
                0x0800017c       0x76 ./Core/Src/main.o
                0x0800017c                SystemClock_Config
 *fill*         0x080001f2        0x2 
 .text.MX_I2C1_Init
                0x080001f4       0x5c ./Core/Src/main.o
 .text.MX_GPIO_Init
                0x08000250       0xb4 ./Core/Src/main.o
 .text.Error_Handler
                0x08000304        0xc ./Core/Src/main.o
                0x08000304                Error_Handler
 .text.displayGIF24fps
                0x08000310       0x54 ./Core/Src/oled_gifs.o
                0x08000310                displayGIF24fps
 .text.displayGIF
                0x08000364       0x58 ./Core/Src/oled_gifs.o
                0x08000364                displayGIF
 .text.displayAreYouGey
                0x080003bc       0x28 ./Core/Src/oled_gifs.o
                0x080003bc                displayAreYouGey
 .text.ssd1306_Reset
                0x080003e4        0xc ./Core/Src/ssd1306.o
                0x080003e4                ssd1306_Reset
 .text.ssd1306_WriteCommand
                0x080003f0       0x30 ./Core/Src/ssd1306.o
                0x080003f0                ssd1306_WriteCommand
 .text.ssd1306_WriteData
                0x08000420       0x34 ./Core/Src/ssd1306.o
                0x08000420                ssd1306_WriteData
 .text.ssd1306_Init
                0x08000454       0xd4 ./Core/Src/ssd1306.o
                0x08000454                ssd1306_Init
 .text.ssd1306_Fill
                0x08000528       0x30 ./Core/Src/ssd1306.o
                0x08000528                ssd1306_Fill
 .text.ssd1306_UpdateScreen
                0x08000558       0x50 ./Core/Src/ssd1306.o
                0x08000558                ssd1306_UpdateScreen
 .text.ssd1306_DrawPixel
                0x080005a8       0xa4 ./Core/Src/ssd1306.o
                0x080005a8                ssd1306_DrawPixel
 .text.ssd1306_DrawBitmap
                0x0800064c       0xb6 ./Core/Src/ssd1306.o
                0x0800064c                ssd1306_DrawBitmap
 .text.ssd1306_SetContrast
                0x08000702       0x26 ./Core/Src/ssd1306.o
                0x08000702                ssd1306_SetContrast
 .text.ssd1306_SetDisplayOn
                0x08000728       0x3c ./Core/Src/ssd1306.o
                0x08000728                ssd1306_SetDisplayOn
 .text.HAL_MspInit
                0x08000764       0x64 ./Core/Src/stm32f1xx_hal_msp.o
                0x08000764                HAL_MspInit
 .text.HAL_I2C_MspInit
                0x080007c8       0x7c ./Core/Src/stm32f1xx_hal_msp.o
                0x080007c8                HAL_I2C_MspInit
 .text.NMI_Handler
                0x08000844        0x8 ./Core/Src/stm32f1xx_it.o
                0x08000844                NMI_Handler
 .text.HardFault_Handler
                0x0800084c        0x8 ./Core/Src/stm32f1xx_it.o
                0x0800084c                HardFault_Handler
 .text.MemManage_Handler
                0x08000854        0x8 ./Core/Src/stm32f1xx_it.o
                0x08000854                MemManage_Handler
 .text.BusFault_Handler
                0x0800085c        0x8 ./Core/Src/stm32f1xx_it.o
                0x0800085c                BusFault_Handler
 .text.UsageFault_Handler
                0x08000864        0x8 ./Core/Src/stm32f1xx_it.o
                0x08000864                UsageFault_Handler
 .text.SVC_Handler
                0x0800086c        0xc ./Core/Src/stm32f1xx_it.o
                0x0800086c                SVC_Handler
 .text.DebugMon_Handler
                0x08000878        0xc ./Core/Src/stm32f1xx_it.o
                0x08000878                DebugMon_Handler
 .text.PendSV_Handler
                0x08000884        0xc ./Core/Src/stm32f1xx_it.o
                0x08000884                PendSV_Handler
 .text.SysTick_Handler
                0x08000890        0xc ./Core/Src/stm32f1xx_it.o
                0x08000890                SysTick_Handler
 .text.SystemInit
                0x0800089c        0xc ./Core/Src/system_stm32f1xx.o
                0x0800089c                SystemInit
 .text.Reset_Handler
                0x080008a8       0x48 ./Core/Startup/startup_stm32f103c8tx.o
                0x080008a8                Reset_Handler
 .text.Default_Handler
                0x080008f0        0x2 ./Core/Startup/startup_stm32f103c8tx.o
                0x080008f0                RTC_Alarm_IRQHandler
                0x080008f0                EXTI2_IRQHandler
                0x080008f0                TIM1_CC_IRQHandler
                0x080008f0                PVD_IRQHandler
                0x080008f0                EXTI3_IRQHandler
                0x080008f0                EXTI0_IRQHandler
                0x080008f0                I2C2_EV_IRQHandler
                0x080008f0                ADC1_2_IRQHandler
                0x080008f0                SPI1_IRQHandler
                0x080008f0                TAMPER_IRQHandler
                0x080008f0                DMA1_Channel4_IRQHandler
                0x080008f0                USART3_IRQHandler
                0x080008f0                RTC_IRQHandler
                0x080008f0                DMA1_Channel7_IRQHandler
                0x080008f0                CAN1_RX1_IRQHandler
                0x080008f0                TIM4_IRQHandler
                0x080008f0                I2C1_EV_IRQHandler
                0x080008f0                DMA1_Channel6_IRQHandler
                0x080008f0                TIM3_IRQHandler
                0x080008f0                RCC_IRQHandler
                0x080008f0                TIM1_TRG_COM_IRQHandler
                0x080008f0                DMA1_Channel1_IRQHandler
                0x080008f0                Default_Handler
                0x080008f0                EXTI15_10_IRQHandler
                0x080008f0                EXTI9_5_IRQHandler
                0x080008f0                SPI2_IRQHandler
                0x080008f0                DMA1_Channel5_IRQHandler
                0x080008f0                EXTI4_IRQHandler
                0x080008f0                USB_LP_CAN1_RX0_IRQHandler
                0x080008f0                USB_HP_CAN1_TX_IRQHandler
                0x080008f0                DMA1_Channel3_IRQHandler
                0x080008f0                TIM1_UP_IRQHandler
                0x080008f0                WWDG_IRQHandler
                0x080008f0                TIM2_IRQHandler
                0x080008f0                TIM1_BRK_IRQHandler
                0x080008f0                EXTI1_IRQHandler
                0x080008f0                USART2_IRQHandler
                0x080008f0                I2C2_ER_IRQHandler
                0x080008f0                DMA1_Channel2_IRQHandler
                0x080008f0                CAN1_SCE_IRQHandler
                0x080008f0                FLASH_IRQHandler
                0x080008f0                USART1_IRQHandler
                0x080008f0                I2C1_ER_IRQHandler
                0x080008f0                USBWakeUp_IRQHandler
 *fill*         0x080008f2        0x2 
 .text.HAL_Init
                0x080008f4       0x2c ./Drivers/STM32F1xx_HAL_Driver/Src/stm32f1xx_hal.o
                0x080008f4                HAL_Init
 .text.HAL_InitTick
                0x08000920       0x60 ./Drivers/STM32F1xx_HAL_Driver/Src/stm32f1xx_hal.o
                0x08000920                HAL_InitTick
 .text.HAL_IncTick
                0x08000980       0x24 ./Drivers/STM32F1xx_HAL_Driver/Src/stm32f1xx_hal.o
                0x08000980                HAL_IncTick
 .text.HAL_GetTick
                0x080009a4       0x14 ./Drivers/STM32F1xx_HAL_Driver/Src/stm32f1xx_hal.o
                0x080009a4                HAL_GetTick
 .text.HAL_Delay
                0x080009b8       0x48 ./Drivers/STM32F1xx_HAL_Driver/Src/stm32f1xx_hal.o
                0x080009b8                HAL_Delay
 .text.__NVIC_SetPriorityGrouping
                0x08000a00       0x48 ./Drivers/STM32F1xx_HAL_Driver/Src/stm32f1xx_hal_cortex.o
 .text.__NVIC_GetPriorityGrouping
                0x08000a48       0x1c ./Drivers/STM32F1xx_HAL_Driver/Src/stm32f1xx_hal_cortex.o
 .text.__NVIC_SetPriority
                0x08000a64       0x54 ./Drivers/STM32F1xx_HAL_Driver/Src/stm32f1xx_hal_cortex.o
 .text.NVIC_EncodePriority
                0x08000ab8       0x64 ./Drivers/STM32F1xx_HAL_Driver/Src/stm32f1xx_hal_cortex.o
 .text.SysTick_Config
                0x08000b1c       0x44 ./Drivers/STM32F1xx_HAL_Driver/Src/stm32f1xx_hal_cortex.o
 .text.HAL_NVIC_SetPriorityGrouping
                0x08000b60       0x16 ./Drivers/STM32F1xx_HAL_Driver/Src/stm32f1xx_hal_cortex.o
                0x08000b60                HAL_NVIC_SetPriorityGrouping
 .text.HAL_NVIC_SetPriority
                0x08000b76       0x38 ./Drivers/STM32F1xx_HAL_Driver/Src/stm32f1xx_hal_cortex.o
                0x08000b76                HAL_NVIC_SetPriority
 .text.HAL_SYSTICK_Config
                0x08000bae       0x18 ./Drivers/STM32F1xx_HAL_Driver/Src/stm32f1xx_hal_cortex.o
                0x08000bae                HAL_SYSTICK_Config
 *fill*         0x08000bc6        0x2 
 .text.HAL_GPIO_Init
                0x08000bc8      0x308 ./Drivers/STM32F1xx_HAL_Driver/Src/stm32f1xx_hal_gpio.o
                0x08000bc8                HAL_GPIO_Init
 .text.HAL_GPIO_WritePin
                0x08000ed0       0x30 ./Drivers/STM32F1xx_HAL_Driver/Src/stm32f1xx_hal_gpio.o
                0x08000ed0                HAL_GPIO_WritePin
 .text.HAL_GPIO_TogglePin
                0x08000f00       0x32 ./Drivers/STM32F1xx_HAL_Driver/Src/stm32f1xx_hal_gpio.o
                0x08000f00                HAL_GPIO_TogglePin
 *fill*         0x08000f32        0x2 
 .text.HAL_I2C_Init
                0x08000f34      0x288 ./Drivers/STM32F1xx_HAL_Driver/Src/stm32f1xx_hal_i2c.o
                0x08000f34                HAL_I2C_Init
 .text.HAL_I2C_Mem_Write
                0x080011bc      0x1f4 ./Drivers/STM32F1xx_HAL_Driver/Src/stm32f1xx_hal_i2c.o
                0x080011bc                HAL_I2C_Mem_Write
 .text.I2C_RequestMemoryWrite
                0x080013b0      0x12c ./Drivers/STM32F1xx_HAL_Driver/Src/stm32f1xx_hal_i2c.o
 .text.I2C_WaitOnFlagUntilTimeout
                0x080014dc       0xf4 ./Drivers/STM32F1xx_HAL_Driver/Src/stm32f1xx_hal_i2c.o
 .text.I2C_WaitOnMasterAddressFlagUntilTimeout
                0x080015d0      0x140 ./Drivers/STM32F1xx_HAL_Driver/Src/stm32f1xx_hal_i2c.o
 .text.I2C_WaitOnTXEFlagUntilTimeout
                0x08001710       0x90 ./Drivers/STM32F1xx_HAL_Driver/Src/stm32f1xx_hal_i2c.o
 .text.I2C_WaitOnBTFFlagUntilTimeout
                0x080017a0       0x90 ./Drivers/STM32F1xx_HAL_Driver/Src/stm32f1xx_hal_i2c.o
 .text.I2C_IsAcknowledgeFailed
                0x08001830       0x5c ./Drivers/STM32F1xx_HAL_Driver/Src/stm32f1xx_hal_i2c.o
 .text.HAL_RCC_OscConfig
                0x0800188c      0x504 ./Drivers/STM32F1xx_HAL_Driver/Src/stm32f1xx_hal_rcc.o
                0x0800188c                HAL_RCC_OscConfig
 .text.HAL_RCC_ClockConfig
                0x08001d90      0x1d4 ./Drivers/STM32F1xx_HAL_Driver/Src/stm32f1xx_hal_rcc.o
                0x08001d90                HAL_RCC_ClockConfig
 .text.HAL_RCC_GetSysClockFreq
                0x08001f64       0xa8 ./Drivers/STM32F1xx_HAL_Driver/Src/stm32f1xx_hal_rcc.o
                0x08001f64                HAL_RCC_GetSysClockFreq
 .text.HAL_RCC_GetHCLKFreq
                0x0800200c       0x14 ./Drivers/STM32F1xx_HAL_Driver/Src/stm32f1xx_hal_rcc.o
                0x0800200c                HAL_RCC_GetHCLKFreq
 .text.HAL_RCC_GetPCLK1Freq
                0x08002020       0x28 ./Drivers/STM32F1xx_HAL_Driver/Src/stm32f1xx_hal_rcc.o
                0x08002020                HAL_RCC_GetPCLK1Freq
 .text.RCC_Delay
                0x08002048       0x3c ./Drivers/STM32F1xx_HAL_Driver/Src/stm32f1xx_hal_rcc.o
 .text.memset   0x08002084       0x10 C:/ST/STM32CubeIDE_1.19.0/STM32CubeIDE/plugins/com.st.stm32cube.ide.mcu.externaltools.gnu-tools-for-stm32.13.3.rel1.win32_1.0.0.202411081344/tools/bin/../lib/gcc/arm-none-eabi/13.3.1/../../../../arm-none-eabi/lib/thumb/v7-m/nofp\libc_nano.a(libc_a-memset.o)
                0x08002084                memset
 .text.__libc_init_array
                0x08002094       0x48 C:/ST/STM32CubeIDE_1.19.0/STM32CubeIDE/plugins/com.st.stm32cube.ide.mcu.externaltools.gnu-tools-for-stm32.13.3.rel1.win32_1.0.0.202411081344/tools/bin/../lib/gcc/arm-none-eabi/13.3.1/../../../../arm-none-eabi/lib/thumb/v7-m/nofp\libc_nano.a(libc_a-init.o)
                0x08002094                __libc_init_array
 *(.glue_7)
 .glue_7        0x080020dc        0x0 linker stubs
 *(.glue_7t)
 .glue_7t       0x080020dc        0x0 linker stubs
 *(.eh_frame)
 .eh_frame      0x080020dc        0x0 C:/ST/STM32CubeIDE_1.19.0/STM32CubeIDE/plugins/com.st.stm32cube.ide.mcu.externaltools.gnu-tools-for-stm32.13.3.rel1.win32_1.0.0.202411081344/tools/bin/../lib/gcc/arm-none-eabi/13.3.1/thumb/v7-m/nofp/crtbegin.o
 *(.init)
 .init          0x080020dc        0x4 C:/ST/STM32CubeIDE_1.19.0/STM32CubeIDE/plugins/com.st.stm32cube.ide.mcu.externaltools.gnu-tools-for-stm32.13.3.rel1.win32_1.0.0.202411081344/tools/bin/../lib/gcc/arm-none-eabi/13.3.1/thumb/v7-m/nofp/crti.o
                0x080020dc                _init
 .init          0x080020e0        0x8 C:/ST/STM32CubeIDE_1.19.0/STM32CubeIDE/plugins/com.st.stm32cube.ide.mcu.externaltools.gnu-tools-for-stm32.13.3.rel1.win32_1.0.0.202411081344/tools/bin/../lib/gcc/arm-none-eabi/13.3.1/thumb/v7-m/nofp/crtn.o
 *(.fini)
 .fini          0x080020e8        0x4 C:/ST/STM32CubeIDE_1.19.0/STM32CubeIDE/plugins/com.st.stm32cube.ide.mcu.externaltools.gnu-tools-for-stm32.13.3.rel1.win32_1.0.0.202411081344/tools/bin/../lib/gcc/arm-none-eabi/13.3.1/thumb/v7-m/nofp/crti.o
                0x080020e8                _fini
 .fini          0x080020ec        0x8 C:/ST/STM32CubeIDE_1.19.0/STM32CubeIDE/plugins/com.st.stm32cube.ide.mcu.externaltools.gnu-tools-for-stm32.13.3.rel1.win32_1.0.0.202411081344/tools/bin/../lib/gcc/arm-none-eabi/13.3.1/thumb/v7-m/nofp/crtn.o
                0x080020f4                        . = ALIGN (0x4)
                0x080020f4                        _etext = .

.vfp11_veneer   0x080020f4        0x0
 .vfp11_veneer  0x080020f4        0x0 linker stubs

.v4_bx          0x080020f4        0x0
 .v4_bx         0x080020f4        0x0 linker stubs

.iplt           0x080020f4        0x0
 .iplt          0x080020f4        0x0 C:/ST/STM32CubeIDE_1.19.0/STM32CubeIDE/plugins/com.st.stm32cube.ide.mcu.externaltools.gnu-tools-for-stm32.13.3.rel1.win32_1.0.0.202411081344/tools/bin/../lib/gcc/arm-none-eabi/13.3.1/thumb/v7-m/nofp/crtbegin.o

.rodata         0x080020f4     0xd82c
                0x080020f4                        . = ALIGN (0x4)
 *(.rodata)
 *(.rodata*)
 .rodata.are_you_gey_frame_00_delay_0
                0x080020f4      0x400 ./Core/Src/oled_gifs.o
                0x080020f4                are_you_gey_frame_00_delay_0
 .rodata.are_you_gey_frame_01_delay_0
                0x080024f4      0x400 ./Core/Src/oled_gifs.o
                0x080024f4                are_you_gey_frame_01_delay_0
 .rodata.are_you_gey_frame_02_delay_0
                0x080028f4      0x400 ./Core/Src/oled_gifs.o
                0x080028f4                are_you_gey_frame_02_delay_0
 .rodata.are_you_gey_frame_03_delay_0
                0x08002cf4      0x400 ./Core/Src/oled_gifs.o
                0x08002cf4                are_you_gey_frame_03_delay_0
 .rodata.are_you_gey_frame_04_delay_0
                0x080030f4      0x400 ./Core/Src/oled_gifs.o
                0x080030f4                are_you_gey_frame_04_delay_0
 .rodata.are_you_gey_frame_05_delay_0
                0x080034f4      0x400 ./Core/Src/oled_gifs.o
                0x080034f4                are_you_gey_frame_05_delay_0
 .rodata.are_you_gey_frame_06_delay_0
                0x080038f4      0x400 ./Core/Src/oled_gifs.o
                0x080038f4                are_you_gey_frame_06_delay_0
 .rodata.are_you_gey_frame_07_delay_0
                0x08003cf4      0x400 ./Core/Src/oled_gifs.o
                0x08003cf4                are_you_gey_frame_07_delay_0
 .rodata.are_you_gey_frame_08_delay_0
                0x080040f4      0x400 ./Core/Src/oled_gifs.o
                0x080040f4                are_you_gey_frame_08_delay_0
 .rodata.are_you_gey_frame_09_delay_0
                0x080044f4      0x400 ./Core/Src/oled_gifs.o
                0x080044f4                are_you_gey_frame_09_delay_0
 .rodata.are_you_gey_frame_10_delay_0
                0x080048f4      0x400 ./Core/Src/oled_gifs.o
                0x080048f4                are_you_gey_frame_10_delay_0
 .rodata.are_you_gey_frame_11_delay_0
                0x08004cf4      0x400 ./Core/Src/oled_gifs.o
                0x08004cf4                are_you_gey_frame_11_delay_0
 .rodata.are_you_gey_frame_12_delay_0
                0x080050f4      0x400 ./Core/Src/oled_gifs.o
                0x080050f4                are_you_gey_frame_12_delay_0
 .rodata.are_you_gey_frame_13_delay_0
                0x080054f4      0x400 ./Core/Src/oled_gifs.o
                0x080054f4                are_you_gey_frame_13_delay_0
 .rodata.are_you_gey_frame_14_delay_0
                0x080058f4      0x400 ./Core/Src/oled_gifs.o
                0x080058f4                are_you_gey_frame_14_delay_0
 .rodata.are_you_gey_frame_15_delay_0
                0x08005cf4      0x400 ./Core/Src/oled_gifs.o
                0x08005cf4                are_you_gey_frame_15_delay_0
 .rodata.are_you_gey_frame_16_delay_0
                0x080060f4      0x400 ./Core/Src/oled_gifs.o
                0x080060f4                are_you_gey_frame_16_delay_0
 .rodata.are_you_gey_frame_17_delay_0
                0x080064f4      0x400 ./Core/Src/oled_gifs.o
                0x080064f4                are_you_gey_frame_17_delay_0
 .rodata.are_you_gey_frame_18_delay_0
                0x080068f4      0x400 ./Core/Src/oled_gifs.o
                0x080068f4                are_you_gey_frame_18_delay_0
 .rodata.are_you_gey_frame_19_delay_0
                0x08006cf4      0x400 ./Core/Src/oled_gifs.o
                0x08006cf4                are_you_gey_frame_19_delay_0
 .rodata.are_you_gey_frame_20_delay_0
                0x080070f4      0x400 ./Core/Src/oled_gifs.o
                0x080070f4                are_you_gey_frame_20_delay_0
 .rodata.are_you_gey_frame_21_delay_0
                0x080074f4      0x400 ./Core/Src/oled_gifs.o
                0x080074f4                are_you_gey_frame_21_delay_0
 .rodata.are_you_gey_frame_22_delay_0
                0x080078f4      0x400 ./Core/Src/oled_gifs.o
                0x080078f4                are_you_gey_frame_22_delay_0
 .rodata.are_you_gey_frame_23_delay_0
                0x08007cf4      0x400 ./Core/Src/oled_gifs.o
                0x08007cf4                are_you_gey_frame_23_delay_0
 .rodata.are_you_gey_frame_24_delay_0
                0x080080f4      0x400 ./Core/Src/oled_gifs.o
                0x080080f4                are_you_gey_frame_24_delay_0
 .rodata.are_you_gey_frame_25_delay_0
                0x080084f4      0x400 ./Core/Src/oled_gifs.o
                0x080084f4                are_you_gey_frame_25_delay_0
 .rodata.are_you_gey_frame_26_delay_0
                0x080088f4      0x400 ./Core/Src/oled_gifs.o
                0x080088f4                are_you_gey_frame_26_delay_0
 .rodata.are_you_gey_frame_27_delay_0
                0x08008cf4      0x400 ./Core/Src/oled_gifs.o
                0x08008cf4                are_you_gey_frame_27_delay_0
 .rodata.are_you_gey_frame_28_delay_0
                0x080090f4      0x400 ./Core/Src/oled_gifs.o
                0x080090f4                are_you_gey_frame_28_delay_0
 .rodata.are_you_gey_frame_29_delay_0
                0x080094f4      0x400 ./Core/Src/oled_gifs.o
                0x080094f4                are_you_gey_frame_29_delay_0
 .rodata.are_you_gey_frame_30_delay_0
                0x080098f4      0x400 ./Core/Src/oled_gifs.o
                0x080098f4                are_you_gey_frame_30_delay_0
 .rodata.are_you_gey_frame_31_delay_0
                0x08009cf4      0x400 ./Core/Src/oled_gifs.o
                0x08009cf4                are_you_gey_frame_31_delay_0
 .rodata.are_you_gey_frame_32_delay_0
                0x0800a0f4      0x400 ./Core/Src/oled_gifs.o
                0x0800a0f4                are_you_gey_frame_32_delay_0
 .rodata.are_you_gey_frame_33_delay_0
                0x0800a4f4      0x400 ./Core/Src/oled_gifs.o
                0x0800a4f4                are_you_gey_frame_33_delay_0
 .rodata.are_you_gey_frame_34_delay_0
                0x0800a8f4      0x400 ./Core/Src/oled_gifs.o
                0x0800a8f4                are_you_gey_frame_34_delay_0
 .rodata.are_you_gey_frame_35_delay_0
                0x0800acf4      0x400 ./Core/Src/oled_gifs.o
                0x0800acf4                are_you_gey_frame_35_delay_0
 .rodata.are_you_gey_frame_36_delay_0
                0x0800b0f4      0x400 ./Core/Src/oled_gifs.o
                0x0800b0f4                are_you_gey_frame_36_delay_0
 .rodata.are_you_gey_frame_37_delay_0
                0x0800b4f4      0x400 ./Core/Src/oled_gifs.o
                0x0800b4f4                are_you_gey_frame_37_delay_0
 .rodata.are_you_gey_frame_38_delay_0
                0x0800b8f4      0x400 ./Core/Src/oled_gifs.o
                0x0800b8f4                are_you_gey_frame_38_delay_0
 .rodata.are_you_gey_frame_39_delay_0
                0x0800bcf4      0x400 ./Core/Src/oled_gifs.o
                0x0800bcf4                are_you_gey_frame_39_delay_0
 .rodata.are_you_gey_frame_40_delay_0
                0x0800c0f4      0x400 ./Core/Src/oled_gifs.o
                0x0800c0f4                are_you_gey_frame_40_delay_0
 .rodata.are_you_gey_frame_41_delay_0
                0x0800c4f4      0x400 ./Core/Src/oled_gifs.o
                0x0800c4f4                are_you_gey_frame_41_delay_0
 .rodata.are_you_gey_frame_42_delay_0
                0x0800c8f4      0x400 ./Core/Src/oled_gifs.o
                0x0800c8f4                are_you_gey_frame_42_delay_0
 .rodata.are_you_gey_frame_43_delay_0
                0x0800ccf4      0x400 ./Core/Src/oled_gifs.o
                0x0800ccf4                are_you_gey_frame_43_delay_0
 .rodata.are_you_gey_frame_44_delay_0
                0x0800d0f4      0x400 ./Core/Src/oled_gifs.o
                0x0800d0f4                are_you_gey_frame_44_delay_0
 .rodata.are_you_gey_frame_45_delay_0
                0x0800d4f4      0x400 ./Core/Src/oled_gifs.o
                0x0800d4f4                are_you_gey_frame_45_delay_0
 .rodata.are_you_gey_frame_46_delay_0
                0x0800d8f4      0x400 ./Core/Src/oled_gifs.o
                0x0800d8f4                are_you_gey_frame_46_delay_0
 .rodata.are_you_gey_frame_47_delay_0
                0x0800dcf4      0x400 ./Core/Src/oled_gifs.o
                0x0800dcf4                are_you_gey_frame_47_delay_0
 .rodata.are_you_gey_frame_48_delay_0
                0x0800e0f4      0x400 ./Core/Src/oled_gifs.o
                0x0800e0f4                are_you_gey_frame_48_delay_0
 .rodata.are_you_gey_frame_49_delay_0
                0x0800e4f4      0x400 ./Core/Src/oled_gifs.o
                0x0800e4f4                are_you_gey_frame_49_delay_0
 .rodata.are_you_gey_frame_50_delay_0
                0x0800e8f4      0x400 ./Core/Src/oled_gifs.o
                0x0800e8f4                are_you_gey_frame_50_delay_0
 .rodata.are_you_gey_frame_51_delay_2
                0x0800ecf4      0x400 ./Core/Src/oled_gifs.o
                0x0800ecf4                are_you_gey_frame_51_delay_2
 .rodata.are_you_gey_frame_52_delay_2
                0x0800f0f4      0x400 ./Core/Src/oled_gifs.o
                0x0800f0f4                are_you_gey_frame_52_delay_2
 .rodata.are_you_gey_frame_53_delay_2
                0x0800f4f4      0x400 ./Core/Src/oled_gifs.o
                0x0800f4f4                are_you_gey_frame_53_delay_2
 .rodata.AHBPrescTable
                0x0800f8f4       0x10 ./Core/Src/system_stm32f1xx.o
                0x0800f8f4                AHBPrescTable
 .rodata.APBPrescTable
                0x0800f904        0x8 ./Core/Src/system_stm32f1xx.o
                0x0800f904                APBPrescTable
 .rodata.aPLLMULFactorTable.1
                0x0800f90c       0x10 ./Drivers/STM32F1xx_HAL_Driver/Src/stm32f1xx_hal_rcc.o
 .rodata.aPredivFactorTable.0
                0x0800f91c        0x2 ./Drivers/STM32F1xx_HAL_Driver/Src/stm32f1xx_hal_rcc.o
                0x0800f920                        . = ALIGN (0x4)
 *fill*         0x0800f91e        0x2 

.ARM.extab      0x0800f920        0x0
                0x0800f920                        . = ALIGN (0x4)
 *(.ARM.extab* .gnu.linkonce.armextab.*)
                0x0800f920                        . = ALIGN (0x4)

.ARM            0x0800f920        0x0
                0x0800f920                        . = ALIGN (0x4)
                0x0800f920                        __exidx_start = .
 *(.ARM.exidx*)
                0x0800f920                        __exidx_end = .
                0x0800f920                        . = ALIGN (0x4)

.preinit_array  0x0800f920        0x0
                0x0800f920                        . = ALIGN (0x4)
                0x0800f920                        PROVIDE (__preinit_array_start = .)
 *(.preinit_array*)
                0x0800f920                        PROVIDE (__preinit_array_end = .)
                0x0800f920                        . = ALIGN (0x4)

.init_array     0x0800f920        0x4
                0x0800f920                        . = ALIGN (0x4)
                0x0800f920                        PROVIDE (__init_array_start = .)
 *(SORT_BY_NAME(.init_array.*))
 *(.init_array*)
 .init_array    0x0800f920        0x4 C:/ST/STM32CubeIDE_1.19.0/STM32CubeIDE/plugins/com.st.stm32cube.ide.mcu.externaltools.gnu-tools-for-stm32.13.3.rel1.win32_1.0.0.202411081344/tools/bin/../lib/gcc/arm-none-eabi/13.3.1/thumb/v7-m/nofp/crtbegin.o
                0x0800f924                        PROVIDE (__init_array_end = .)
                0x0800f924                        . = ALIGN (0x4)

.fini_array     0x0800f924        0x4
                0x0800f924                        . = ALIGN (0x4)
                [!provide]                        PROVIDE (__fini_array_start = .)
 *(SORT_BY_NAME(.fini_array.*))
 *(.fini_array*)
 .fini_array    0x0800f924        0x4 C:/ST/STM32CubeIDE_1.19.0/STM32CubeIDE/plugins/com.st.stm32cube.ide.mcu.externaltools.gnu-tools-for-stm32.13.3.rel1.win32_1.0.0.202411081344/tools/bin/../lib/gcc/arm-none-eabi/13.3.1/thumb/v7-m/nofp/crtbegin.o
                [!provide]                        PROVIDE (__fini_array_end = .)
                0x0800f928                        . = ALIGN (0x4)
                0x0800f928                        _sidata = LOADADDR (.data)

.rel.dyn        0x0800f928        0x0
 .rel.iplt      0x0800f928        0x0 C:/ST/STM32CubeIDE_1.19.0/STM32CubeIDE/plugins/com.st.stm32cube.ide.mcu.externaltools.gnu-tools-for-stm32.13.3.rel1.win32_1.0.0.202411081344/tools/bin/../lib/gcc/arm-none-eabi/13.3.1/thumb/v7-m/nofp/crtbegin.o

.data           0x20000000       0xe4 load address 0x0800f928
                0x20000000                        . = ALIGN (0x4)
                0x20000000                        _sdata = .
 *(.data)
 *(.data*)
 .data.are_you_gey_allArray
                0x20000000       0xcc ./Core/Src/oled_gifs.o
                0x20000000                are_you_gey_allArray
 .data.are_you_gey_EndArray
                0x200000cc        0xc ./Core/Src/oled_gifs.o
                0x200000cc                are_you_gey_EndArray
 .data.SystemCoreClock
                0x200000d8        0x4 ./Core/Src/system_stm32f1xx.o
                0x200000d8                SystemCoreClock
 .data.uwTickPrio
                0x200000dc        0x4 ./Drivers/STM32F1xx_HAL_Driver/Src/stm32f1xx_hal.o
                0x200000dc                uwTickPrio
 .data.uwTickFreq
                0x200000e0        0x1 ./Drivers/STM32F1xx_HAL_Driver/Src/stm32f1xx_hal.o
                0x200000e0                uwTickFreq
 *(.RamFunc)
 *(.RamFunc*)
                0x200000e4                        . = ALIGN (0x4)
 *fill*         0x200000e1        0x3 
                0x200000e4                        _edata = .

.igot.plt       0x200000e4        0x0 load address 0x0800fa0c
 .igot.plt      0x200000e4        0x0 C:/ST/STM32CubeIDE_1.19.0/STM32CubeIDE/plugins/com.st.stm32cube.ide.mcu.externaltools.gnu-tools-for-stm32.13.3.rel1.win32_1.0.0.202411081344/tools/bin/../lib/gcc/arm-none-eabi/13.3.1/thumb/v7-m/nofp/crtbegin.o
                0x200000e4                        . = ALIGN (0x4)

.bss            0x200000e4      0x47c load address 0x0800fa0c
                0x200000e4                        _sbss = .
                0x200000e4                        __bss_start__ = _sbss
 *(.bss)
 .bss           0x200000e4       0x1c C:/ST/STM32CubeIDE_1.19.0/STM32CubeIDE/plugins/com.st.stm32cube.ide.mcu.externaltools.gnu-tools-for-stm32.13.3.rel1.win32_1.0.0.202411081344/tools/bin/../lib/gcc/arm-none-eabi/13.3.1/thumb/v7-m/nofp/crtbegin.o
 *(.bss*)
 .bss.hi2c1     0x20000100       0x54 ./Core/Src/main.o
                0x20000100                hi2c1
 .bss.SSD1306_Buffer
                0x20000154      0x400 ./Core/Src/ssd1306.o
 .bss.SSD1306   0x20000554        0x6 ./Core/Src/ssd1306.o
 *fill*         0x2000055a        0x2 
 .bss.uwTick    0x2000055c        0x4 ./Drivers/STM32F1xx_HAL_Driver/Src/stm32f1xx_hal.o
                0x2000055c                uwTick
 *(COMMON)
                0x20000560                        . = ALIGN (0x4)
                0x20000560                        _ebss = .
                0x20000560                        __bss_end__ = _ebss

._user_heap_stack
                0x20000560      0x600 load address 0x0800fa0c
                0x20000560                        . = ALIGN (0x8)
                [!provide]                        PROVIDE (end = .)
                0x20000560                        PROVIDE (_end = .)
                0x20000760                        . = (. + _Min_Heap_Size)
 *fill*         0x20000560      0x200 
                0x20000b60                        . = (. + _Min_Stack_Size)
 *fill*         0x20000760      0x400 
                0x20000b60                        . = ALIGN (0x8)

/DISCARD/
 libc.a(*)
 libm.a(*)
 libgcc.a(*)

.ARM.attributes
                0x00000000       0x29
 *(.ARM.attributes)
 .ARM.attributes
                0x00000000       0x1d C:/ST/STM32CubeIDE_1.19.0/STM32CubeIDE/plugins/com.st.stm32cube.ide.mcu.externaltools.gnu-tools-for-stm32.13.3.rel1.win32_1.0.0.202411081344/tools/bin/../lib/gcc/arm-none-eabi/13.3.1/thumb/v7-m/nofp/crti.o
 .ARM.attributes
                0x0000001d       0x2d C:/ST/STM32CubeIDE_1.19.0/STM32CubeIDE/plugins/com.st.stm32cube.ide.mcu.externaltools.gnu-tools-for-stm32.13.3.rel1.win32_1.0.0.202411081344/tools/bin/../lib/gcc/arm-none-eabi/13.3.1/thumb/v7-m/nofp/crtbegin.o
 .ARM.attributes
                0x0000004a       0x2d ./Core/Src/main.o
 .ARM.attributes
                0x00000077       0x2d ./Core/Src/oled_gifs.o
 .ARM.attributes
                0x000000a4       0x2d ./Core/Src/ssd1306.o
 .ARM.attributes
                0x000000d1       0x2d ./Core/Src/stm32f1xx_hal_msp.o
 .ARM.attributes
                0x000000fe       0x2d ./Core/Src/stm32f1xx_it.o
 .ARM.attributes
                0x0000012b       0x2d ./Core/Src/system_stm32f1xx.o
 .ARM.attributes
                0x00000158       0x21 ./Core/Startup/startup_stm32f103c8tx.o
 .ARM.attributes
                0x00000179       0x2d ./Drivers/STM32F1xx_HAL_Driver/Src/stm32f1xx_hal.o
 .ARM.attributes
                0x000001a6       0x2d ./Drivers/STM32F1xx_HAL_Driver/Src/stm32f1xx_hal_cortex.o
 .ARM.attributes
                0x000001d3       0x2d ./Drivers/STM32F1xx_HAL_Driver/Src/stm32f1xx_hal_gpio.o
 .ARM.attributes
                0x00000200       0x2d ./Drivers/STM32F1xx_HAL_Driver/Src/stm32f1xx_hal_i2c.o
 .ARM.attributes
                0x0000022d       0x2d ./Drivers/STM32F1xx_HAL_Driver/Src/stm32f1xx_hal_rcc.o
 .ARM.attributes
                0x0000025a       0x2d C:/ST/STM32CubeIDE_1.19.0/STM32CubeIDE/plugins/com.st.stm32cube.ide.mcu.externaltools.gnu-tools-for-stm32.13.3.rel1.win32_1.0.0.202411081344/tools/bin/../lib/gcc/arm-none-eabi/13.3.1/../../../../arm-none-eabi/lib/thumb/v7-m/nofp\libc_nano.a(libc_a-memset.o)
 .ARM.attributes
                0x00000287       0x2d C:/ST/STM32CubeIDE_1.19.0/STM32CubeIDE/plugins/com.st.stm32cube.ide.mcu.externaltools.gnu-tools-for-stm32.13.3.rel1.win32_1.0.0.202411081344/tools/bin/../lib/gcc/arm-none-eabi/13.3.1/../../../../arm-none-eabi/lib/thumb/v7-m/nofp\libc_nano.a(libc_a-init.o)
 .ARM.attributes
                0x000002b4       0x1d C:/ST/STM32CubeIDE_1.19.0/STM32CubeIDE/plugins/com.st.stm32cube.ide.mcu.externaltools.gnu-tools-for-stm32.13.3.rel1.win32_1.0.0.202411081344/tools/bin/../lib/gcc/arm-none-eabi/13.3.1/thumb/v7-m/nofp/crtn.o
OUTPUT(I2C OLED Display SSD1306.elf elf32-littlearm)
LOAD linker stubs
LOAD C:/ST/STM32CubeIDE_1.19.0/STM32CubeIDE/plugins/com.st.stm32cube.ide.mcu.externaltools.gnu-tools-for-stm32.13.3.rel1.win32_1.0.0.202411081344/tools/bin/../lib/gcc/arm-none-eabi/13.3.1/../../../../arm-none-eabi/lib/thumb/v7-m/nofp\libc.a
LOAD C:/ST/STM32CubeIDE_1.19.0/STM32CubeIDE/plugins/com.st.stm32cube.ide.mcu.externaltools.gnu-tools-for-stm32.13.3.rel1.win32_1.0.0.202411081344/tools/bin/../lib/gcc/arm-none-eabi/13.3.1/../../../../arm-none-eabi/lib/thumb/v7-m/nofp\libm.a
LOAD C:/ST/STM32CubeIDE_1.19.0/STM32CubeIDE/plugins/com.st.stm32cube.ide.mcu.externaltools.gnu-tools-for-stm32.13.3.rel1.win32_1.0.0.202411081344/tools/bin/../lib/gcc/arm-none-eabi/13.3.1/thumb/v7-m/nofp\libgcc.a

.debug_info     0x00000000     0x7494
 .debug_info    0x00000000      0x9f4 ./Core/Src/main.o
 .debug_info    0x000009f4      0x88e ./Core/Src/oled_gifs.o
 .debug_info    0x00001282     0x1239 ./Core/Src/ssd1306.o
 .debug_info    0x000024bb      0x845 ./Core/Src/stm32f1xx_hal_msp.o
 .debug_info    0x00002d00      0x113 ./Core/Src/stm32f1xx_it.o
 .debug_info    0x00002e13      0x222 ./Core/Src/system_stm32f1xx.o
 .debug_info    0x00003035       0x30 ./Core/Startup/startup_stm32f103c8tx.o
 .debug_info    0x00003065      0x704 ./Drivers/STM32F1xx_HAL_Driver/Src/stm32f1xx_hal.o
 .debug_info    0x00003769      0xa87 ./Drivers/STM32F1xx_HAL_Driver/Src/stm32f1xx_hal_cortex.o
 .debug_info    0x000041f0      0x5ab ./Drivers/STM32F1xx_HAL_Driver/Src/stm32f1xx_hal_gpio.o
 .debug_info    0x0000479b     0x2524 ./Drivers/STM32F1xx_HAL_Driver/Src/stm32f1xx_hal_i2c.o
 .debug_info    0x00006cbf      0x7d5 ./Drivers/STM32F1xx_HAL_Driver/Src/stm32f1xx_hal_rcc.o

.debug_abbrev   0x00000000     0x1710
 .debug_abbrev  0x00000000      0x265 ./Core/Src/main.o
 .debug_abbrev  0x00000265      0x1a8 ./Core/Src/oled_gifs.o
 .debug_abbrev  0x0000040d      0x371 ./Core/Src/ssd1306.o
 .debug_abbrev  0x0000077e      0x1a3 ./Core/Src/stm32f1xx_hal_msp.o
 .debug_abbrev  0x00000921       0x73 ./Core/Src/stm32f1xx_it.o
 .debug_abbrev  0x00000994      0x13f ./Core/Src/system_stm32f1xx.o
 .debug_abbrev  0x00000ad3       0x24 ./Core/Startup/startup_stm32f103c8tx.o
 .debug_abbrev  0x00000af7      0x201 ./Drivers/STM32F1xx_HAL_Driver/Src/stm32f1xx_hal.o
 .debug_abbrev  0x00000cf8      0x2f8 ./Drivers/STM32F1xx_HAL_Driver/Src/stm32f1xx_hal_cortex.o
 .debug_abbrev  0x00000ff0      0x1ca ./Drivers/STM32F1xx_HAL_Driver/Src/stm32f1xx_hal_gpio.o
 .debug_abbrev  0x000011ba      0x2a3 ./Drivers/STM32F1xx_HAL_Driver/Src/stm32f1xx_hal_i2c.o
 .debug_abbrev  0x0000145d      0x2b3 ./Drivers/STM32F1xx_HAL_Driver/Src/stm32f1xx_hal_rcc.o

.debug_aranges  0x00000000      0x7b0
 .debug_aranges
                0x00000000       0x40 ./Core/Src/main.o
 .debug_aranges
                0x00000040       0x38 ./Core/Src/oled_gifs.o
 .debug_aranges
                0x00000078       0xe8 ./Core/Src/ssd1306.o
 .debug_aranges
                0x00000160       0x30 ./Core/Src/stm32f1xx_hal_msp.o
 .debug_aranges
                0x00000190       0x60 ./Core/Src/stm32f1xx_it.o
 .debug_aranges
                0x000001f0       0x28 ./Core/Src/system_stm32f1xx.o
 .debug_aranges
                0x00000218       0x28 ./Core/Startup/startup_stm32f103c8tx.o
 .debug_aranges
                0x00000240       0xe0 ./Drivers/STM32F1xx_HAL_Driver/Src/stm32f1xx_hal.o
 .debug_aranges
                0x00000320      0x100 ./Drivers/STM32F1xx_HAL_Driver/Src/stm32f1xx_hal_cortex.o
 .debug_aranges
                0x00000420       0x58 ./Drivers/STM32F1xx_HAL_Driver/Src/stm32f1xx_hal_gpio.o
 .debug_aranges
                0x00000478      0x2a8 ./Drivers/STM32F1xx_HAL_Driver/Src/stm32f1xx_hal_i2c.o
 .debug_aranges
                0x00000720       0x90 ./Drivers/STM32F1xx_HAL_Driver/Src/stm32f1xx_hal_rcc.o

.debug_rnglists
                0x00000000      0x5df
 .debug_rnglists
                0x00000000       0x2c ./Core/Src/main.o
 .debug_rnglists
                0x0000002c       0x25 ./Core/Src/oled_gifs.o
 .debug_rnglists
                0x00000051       0xb4 ./Core/Src/ssd1306.o
 .debug_rnglists
                0x00000105       0x1f ./Core/Src/stm32f1xx_hal_msp.o
 .debug_rnglists
                0x00000124       0x43 ./Core/Src/stm32f1xx_it.o
 .debug_rnglists
                0x00000167       0x1a ./Core/Src/system_stm32f1xx.o
 .debug_rnglists
                0x00000181       0x19 ./Core/Startup/startup_stm32f103c8tx.o
 .debug_rnglists
                0x0000019a       0xa3 ./Drivers/STM32F1xx_HAL_Driver/Src/stm32f1xx_hal.o
 .debug_rnglists
                0x0000023d       0xbb ./Drivers/STM32F1xx_HAL_Driver/Src/stm32f1xx_hal_cortex.o
 .debug_rnglists
                0x000002f8       0x3f ./Drivers/STM32F1xx_HAL_Driver/Src/stm32f1xx_hal_gpio.o
 .debug_rnglists
                0x00000337      0x23c ./Drivers/STM32F1xx_HAL_Driver/Src/stm32f1xx_hal_i2c.o
 .debug_rnglists
                0x00000573       0x6c ./Drivers/STM32F1xx_HAL_Driver/Src/stm32f1xx_hal_rcc.o

.debug_macro    0x00000000    0x16de4
 .debug_macro   0x00000000      0x201 ./Core/Src/main.o
 .debug_macro   0x00000201      0xacc ./Core/Src/main.o
 .debug_macro   0x00000ccd      0x215 ./Core/Src/main.o
 .debug_macro   0x00000ee2       0x2e ./Core/Src/main.o
 .debug_macro   0x00000f10       0x22 ./Core/Src/main.o
 .debug_macro   0x00000f32       0x22 ./Core/Src/main.o
 .debug_macro   0x00000f54       0x8e ./Core/Src/main.o
 .debug_macro   0x00000fe2       0x51 ./Core/Src/main.o
 .debug_macro   0x00001033      0x103 ./Core/Src/main.o
 .debug_macro   0x00001136       0x6a ./Core/Src/main.o
 .debug_macro   0x000011a0      0x1df ./Core/Src/main.o
 .debug_macro   0x0000137f       0x1c ./Core/Src/main.o
 .debug_macro   0x0000139b       0x22 ./Core/Src/main.o
 .debug_macro   0x000013bd       0xbd ./Core/Src/main.o
 .debug_macro   0x0000147a      0xd23 ./Core/Src/main.o
 .debug_macro   0x0000219d     0xe09e ./Core/Src/main.o
 .debug_macro   0x0001023b       0x6d ./Core/Src/main.o
 .debug_macro   0x000102a8     0x34a2 ./Core/Src/main.o
 .debug_macro   0x0001374a      0x190 ./Core/Src/main.o
 .debug_macro   0x000138da       0x5c ./Core/Src/main.o
 .debug_macro   0x00013936      0x5bc ./Core/Src/main.o
 .debug_macro   0x00013ef2      0x289 ./Core/Src/main.o
 .debug_macro   0x0001417b      0x1cb ./Core/Src/main.o
 .debug_macro   0x00014346      0x114 ./Core/Src/main.o
 .debug_macro   0x0001445a      0x1b2 ./Core/Src/main.o
 .debug_macro   0x0001460c       0x27 ./Core/Src/main.o
 .debug_macro   0x00014633      0x136 ./Core/Src/main.o
 .debug_macro   0x00014769      0x1bc ./Core/Src/main.o
 .debug_macro   0x00014925       0x34 ./Core/Src/main.o
 .debug_macro   0x00014959       0x3c ./Core/Src/main.o
 .debug_macro   0x00014995       0x57 ./Core/Src/main.o
 .debug_macro   0x000149ec       0x87 ./Core/Src/main.o
 .debug_macro   0x00014a73      0x240 ./Core/Src/main.o
 .debug_macro   0x00014cb3      0x287 ./Core/Src/main.o
 .debug_macro   0x00014f3a      0x140 ./Core/Src/main.o
 .debug_macro   0x0001507a       0x83 ./Core/Src/main.o
 .debug_macro   0x000150fd       0x61 ./Core/Src/main.o
 .debug_macro   0x0001515e       0x24 ./Core/Src/main.o
 .debug_macro   0x00015182       0x43 ./Core/Src/main.o
 .debug_macro   0x000151c5       0x34 ./Core/Src/main.o
 .debug_macro   0x000151f9       0x46 ./Core/Src/main.o
 .debug_macro   0x0001523f       0x4c ./Core/Src/main.o
 .debug_macro   0x0001528b       0x10 ./Core/Src/main.o
 .debug_macro   0x0001529b      0x1ee ./Core/Src/oled_gifs.o
 .debug_macro   0x00015489      0x2b9 ./Core/Src/ssd1306.o
 .debug_macro   0x00015742       0x28 ./Core/Src/ssd1306.o
 .debug_macro   0x0001576a      0x370 ./Core/Src/ssd1306.o
 .debug_macro   0x00015ada       0x16 ./Core/Src/ssd1306.o
 .debug_macro   0x00015af0       0x4a ./Core/Src/ssd1306.o
 .debug_macro   0x00015b3a       0x34 ./Core/Src/ssd1306.o
 .debug_macro   0x00015b6e       0x10 ./Core/Src/ssd1306.o
 .debug_macro   0x00015b7e       0x58 ./Core/Src/ssd1306.o
 .debug_macro   0x00015bd6       0x8e ./Core/Src/ssd1306.o
 .debug_macro   0x00015c64       0x1c ./Core/Src/ssd1306.o
 .debug_macro   0x00015c80      0x185 ./Core/Src/ssd1306.o
 .debug_macro   0x00015e05      0x19b ./Core/Src/ssd1306.o
 .debug_macro   0x00015fa0       0x16 ./Core/Src/ssd1306.o
 .debug_macro   0x00015fb6       0x3c ./Core/Src/ssd1306.o
 .debug_macro   0x00015ff2       0x16 ./Core/Src/ssd1306.o
 .debug_macro   0x00016008       0x29 ./Core/Src/ssd1306.o
 .debug_macro   0x00016031       0x16 ./Core/Src/ssd1306.o
 .debug_macro   0x00016047       0x20 ./Core/Src/ssd1306.o
 .debug_macro   0x00016067      0x198 ./Core/Src/stm32f1xx_hal_msp.o
 .debug_macro   0x000161ff      0x1a2 ./Core/Src/stm32f1xx_it.o
 .debug_macro   0x000163a1      0x18e ./Core/Src/system_stm32f1xx.o
 .debug_macro   0x0001652f      0x1b2 ./Drivers/STM32F1xx_HAL_Driver/Src/stm32f1xx_hal.o
 .debug_macro   0x000166e1      0x18e ./Drivers/STM32F1xx_HAL_Driver/Src/stm32f1xx_hal_cortex.o
 .debug_macro   0x0001686f      0x1f9 ./Drivers/STM32F1xx_HAL_Driver/Src/stm32f1xx_hal_gpio.o
 .debug_macro   0x00016a68      0x1dc ./Drivers/STM32F1xx_HAL_Driver/Src/stm32f1xx_hal_i2c.o
 .debug_macro   0x00016c44      0x1a0 ./Drivers/STM32F1xx_HAL_Driver/Src/stm32f1xx_hal_rcc.o

.debug_line     0x00000000     0xa0ee
 .debug_line    0x00000000      0x8e4 ./Core/Src/main.o
 .debug_line    0x000008e4      0x858 ./Core/Src/oled_gifs.o
 .debug_line    0x0000113c     0x1124 ./Core/Src/ssd1306.o
 .debug_line    0x00002260      0x715 ./Core/Src/stm32f1xx_hal_msp.o
 .debug_line    0x00002975      0x779 ./Core/Src/stm32f1xx_it.o
 .debug_line    0x000030ee      0x749 ./Core/Src/system_stm32f1xx.o
 .debug_line    0x00003837       0x78 ./Core/Startup/startup_stm32f103c8tx.o
 .debug_line    0x000038af      0x97a ./Drivers/STM32F1xx_HAL_Driver/Src/stm32f1xx_hal.o
 .debug_line    0x00004229      0xb44 ./Drivers/STM32F1xx_HAL_Driver/Src/stm32f1xx_hal_cortex.o
 .debug_line    0x00004d6d      0x9d7 ./Drivers/STM32F1xx_HAL_Driver/Src/stm32f1xx_hal_gpio.o
 .debug_line    0x00005744     0x3b77 ./Drivers/STM32F1xx_HAL_Driver/Src/stm32f1xx_hal_i2c.o
 .debug_line    0x000092bb      0xe33 ./Drivers/STM32F1xx_HAL_Driver/Src/stm32f1xx_hal_rcc.o

.debug_str      0x00000000    0x83135
 .debug_str     0x00000000    0x83135 ./Core/Src/main.o
                              0x7d35b (size before relaxing)
 .debug_str     0x00083135    0x7d673 ./Core/Src/oled_gifs.o
 .debug_str     0x00083135    0x80c99 ./Core/Src/ssd1306.o
 .debug_str     0x00083135    0x7cbd5 ./Core/Src/stm32f1xx_hal_msp.o
 .debug_str     0x00083135    0x7c6e6 ./Core/Src/stm32f1xx_it.o
 .debug_str     0x00083135    0x7c6fc ./Core/Src/system_stm32f1xx.o
 .debug_str     0x00083135       0x82 ./Core/Startup/startup_stm32f103c8tx.o
 .debug_str     0x00083135    0x7ce2f ./Drivers/STM32F1xx_HAL_Driver/Src/stm32f1xx_hal.o
 .debug_str     0x00083135    0x7cd7b ./Drivers/STM32F1xx_HAL_Driver/Src/stm32f1xx_hal_cortex.o
 .debug_str     0x00083135    0x7ca82 ./Drivers/STM32F1xx_HAL_Driver/Src/stm32f1xx_hal_gpio.o
 .debug_str     0x00083135    0x7d7c3 ./Drivers/STM32F1xx_HAL_Driver/Src/stm32f1xx_hal_i2c.o
 .debug_str     0x00083135    0x7cb2b ./Drivers/STM32F1xx_HAL_Driver/Src/stm32f1xx_hal_rcc.o

.comment        0x00000000       0x43
 .comment       0x00000000       0x43 ./Core/Src/main.o
                                 0x44 (size before relaxing)
 .comment       0x00000043       0x44 ./Core/Src/oled_gifs.o
 .comment       0x00000043       0x44 ./Core/Src/ssd1306.o
 .comment       0x00000043       0x44 ./Core/Src/stm32f1xx_hal_msp.o
 .comment       0x00000043       0x44 ./Core/Src/stm32f1xx_it.o
 .comment       0x00000043       0x44 ./Core/Src/system_stm32f1xx.o
 .comment       0x00000043       0x44 ./Drivers/STM32F1xx_HAL_Driver/Src/stm32f1xx_hal.o
 .comment       0x00000043       0x44 ./Drivers/STM32F1xx_HAL_Driver/Src/stm32f1xx_hal_cortex.o
 .comment       0x00000043       0x44 ./Drivers/STM32F1xx_HAL_Driver/Src/stm32f1xx_hal_gpio.o
 .comment       0x00000043       0x44 ./Drivers/STM32F1xx_HAL_Driver/Src/stm32f1xx_hal_i2c.o
 .comment       0x00000043       0x44 ./Drivers/STM32F1xx_HAL_Driver/Src/stm32f1xx_hal_rcc.o

.debug_frame    0x00000000     0x1e84
 .debug_frame   0x00000000       0xa8 ./Core/Src/main.o
 .debug_frame   0x000000a8       0x90 ./Core/Src/oled_gifs.o
 .debug_frame   0x00000138      0x3e0 ./Core/Src/ssd1306.o
 .debug_frame   0x00000518       0x80 ./Core/Src/stm32f1xx_hal_msp.o
 .debug_frame   0x00000598      0x104 ./Core/Src/stm32f1xx_it.o
 .debug_frame   0x0000069c       0x58 ./Core/Src/system_stm32f1xx.o
 .debug_frame   0x000006f4      0x334 ./Drivers/STM32F1xx_HAL_Driver/Src/stm32f1xx_hal.o
 .debug_frame   0x00000a28      0x428 ./Drivers/STM32F1xx_HAL_Driver/Src/stm32f1xx_hal_cortex.o
 .debug_frame   0x00000e50      0x14c ./Drivers/STM32F1xx_HAL_Driver/Src/stm32f1xx_hal_gpio.o
 .debug_frame   0x00000f9c      0xc84 ./Drivers/STM32F1xx_HAL_Driver/Src/stm32f1xx_hal_i2c.o
 .debug_frame   0x00001c20      0x218 ./Drivers/STM32F1xx_HAL_Driver/Src/stm32f1xx_hal_rcc.o
 .debug_frame   0x00001e38       0x20 C:/ST/STM32CubeIDE_1.19.0/STM32CubeIDE/plugins/com.st.stm32cube.ide.mcu.externaltools.gnu-tools-for-stm32.13.3.rel1.win32_1.0.0.202411081344/tools/bin/../lib/gcc/arm-none-eabi/13.3.1/../../../../arm-none-eabi/lib/thumb/v7-m/nofp\libc_nano.a(libc_a-memset.o)
 .debug_frame   0x00001e58       0x2c C:/ST/STM32CubeIDE_1.19.0/STM32CubeIDE/plugins/com.st.stm32cube.ide.mcu.externaltools.gnu-tools-for-stm32.13.3.rel1.win32_1.0.0.202411081344/tools/bin/../lib/gcc/arm-none-eabi/13.3.1/../../../../arm-none-eabi/lib/thumb/v7-m/nofp\libc_nano.a(libc_a-init.o)

.debug_line_str
                0x00000000       0x66
 .debug_line_str
                0x00000000       0x66 ./Core/Startup/startup_stm32f103c8tx.o
