../Core/Src/main.c:71:5:main	48	static
../Core/Src/main.c:159:6:SystemClock_Config	72	static
../Core/Src/main.c:199:13:MX_CAN_Init	8	static
../Core/Src/main.c:234:13:MX_TIM2_Init	64	static
../Core/Src/main.c:301:13:MX_GPIO_Init	40	static
../Core/Src/main.c:331:5:randIntInRange	16	static
../Core/Src/main.c:335:6:ledRGB	16	static
../Core/Src/main.c:341:6:ledRGBB	32	static
../Core/Src/main.c:357:6:HAL_TIM_PeriodElapsedCallback	16	static
../Core/Src/main.c:375:6:Error_Handler	4	static,ignoring_inline_asm
